This is pdfTeX, Version 3.141592653-2.6-1.40.28 (MiKTeX 25.12) (preloaded format=pdflatex 2026.3.3)  3 MAR 2026 14:04
entering extended mode
 restricted \write18 enabled.
 %&-line parsing enabled.
**./rev2_jurnal_smart_server.tex
(rev2_jurnal_smart_server.tex
LaTeX2e <2025-11-01>
L3 programming layer <2025-12-24>
(C:\Program Files\MiKTeX\tex/latex/base\article.cls
Document Class: article 2025/01/22 v1.4n Standard LaTeX document class
(C:\Program Files\MiKTeX\tex/latex/base\size10.clo
File: size10.clo 2025/01/22 v1.4n Standard LaTeX file (size option)
)
\c@part=\count275
\c@section=\count276
\c@subsection=\count277
\c@subsubsection=\count278
\c@paragraph=\count279
\c@subparagraph=\count280
\c@figure=\count281
\c@table=\count282
\abovecaptionskip=\skip49
\belowcaptionskip=\skip50
\bibindent=\dimen148
)
(C:\Program Files\MiKTeX\tex/latex/base\fontenc.sty
Package: fontenc 2025/07/18 v2.1d Standard LaTeX package
)
(C:\Program Files\MiKTeX\tex/latex/base\inputenc.sty
Package: inputenc 2024/02/08 v1.3d Input encoding file
\inpenc@prehook=\toks17
\inpenc@posthook=\toks18
)
(C:\Users\ASUS\AppData\Roaming\MiKTeX\tex/latex/psnfss\times.sty
Package: times 2020/03/25 PSNFSS-v9.3 (SPQR) 
)
(C:\Users\ASUS\AppData\Roaming\MiKTeX\tex/latex/geometry\geometry.sty
Package: geometry 2020/01/02 v5.9 Page Geometry

(C:\Program Files\MiKTeX\tex/latex/graphics\keyval.sty
Package: keyval 2022/05/29 v1.15 key=value parser (DPC)
\KV@toks@=\toks19
)
(C:\Program Files\MiKTeX\tex/generic/iftex\ifvtex.sty
Package: ifvtex 2019/10/25 v1.7 ifvtex legacy package. Use iftex instead.

(C:\Program Files\MiKTeX\tex/generic/iftex\iftex.sty
Package: iftex 2024/12/12 v1.0g TeX engine tests
))
\Gm@cnth=\count283
\Gm@cntv=\count284
\c@Gm@tempcnt=\count285
\Gm@bindingoffset=\dimen149
\Gm@wd@mp=\dimen150
\Gm@odd@mp=\dimen151
\Gm@even@mp=\dimen152
\Gm@layoutwidth=\dimen153
\Gm@layoutheight=\dimen154
\Gm@layouthoffset=\dimen155
\Gm@layoutvoffset=\dimen156
\Gm@dimlist=\toks20

(C:\Users\ASUS\AppData\Roaming\MiKTeX\tex/latex/geometry\geometry.cfg))
(C:\Program Files\MiKTeX\tex/latex/tools\array.sty
Package: array 2025/09/25 v2.6n Tabular extension package (FMi)
\col@sep=\dimen157
\ar@mcellbox=\box53
\extrarowheight=\dimen158
\NC@list=\toks21
\extratabsurround=\skip51
\backup@length=\skip52
\ar@cellbox=\box54
)
(C:\Users\ASUS\AppData\Roaming\MiKTeX\tex/latex/booktabs\booktabs.sty
Package: booktabs 2020/01/12 v1.61803398 Publication quality tables
\heavyrulewidth=\dimen159
\lightrulewidth=\dimen160
\cmidrulewidth=\dimen161
\belowrulesep=\dimen162
\belowbottomsep=\dimen163
\aboverulesep=\dimen164
\abovetopsep=\dimen165
\cmidrulesep=\dimen166
\cmidrulekern=\dimen167
\defaultaddspace=\dimen168
\@cmidla=\count286
\@cmidlb=\count287
\@aboverulesep=\dimen169
\@belowrulesep=\dimen170
\@thisruleclass=\count288
\@lastruleclass=\count289
\@thisrulewidth=\dimen171
)
(C:\Program Files\MiKTeX\tex/latex/tools\tabularx.sty
Package: tabularx 2023/12/11 v2.12a `tabularx' package (DPC)
\TX@col@width=\dimen172
\TX@old@table=\dimen173
\TX@old@col=\dimen174
\TX@target=\dimen175
\TX@delta=\dimen176
\TX@cols=\count290
\TX@ftn=\toks22
)
(C:\Users\ASUS\AppData\Roaming\MiKTeX\tex/latex/enumitem\enumitem.sty
Package: enumitem 2025/02/06 v3.11 Customized lists
\labelindent=\skip53
\enit@outerparindent=\dimen177
\enit@toks=\toks23
\enit@inbox=\box55
\enit@count@id=\count291
\enitdp@description=\count292
)
(C:\Program Files\MiKTeX\tex/latex/url\url.sty
\Urlmuskip=\muskip17
Package: url 2013/09/16  ver 3.4  Verb mode for urls, etc.
)
(C:\Program Files\MiKTeX\tex/latex/hyperref\hyperref.sty
Package: hyperref 2025-07-12 v7.01o Hypertext links for LaTeX

(C:\Users\ASUS\AppData\Roaming\MiKTeX\tex/latex/kvsetkeys\kvsetkeys.sty
Package: kvsetkeys 2022-10-05 v1.19 Key value parser (HO)
)
(C:\Users\ASUS\AppData\Roaming\MiKTeX\tex/generic/kvdefinekeys\kvdefinekeys.sty
Package: kvdefinekeys 2019-12-19 v1.6 Define keys (HO)
) (C:\Users\ASUS\AppData\Roaming\MiKTeX\tex/generic/pdfescape\pdfescape.sty
Package: pdfescape 2019/12/09 v1.15 Implements pdfTeX's escape features (HO)

(C:\Users\ASUS\AppData\Roaming\MiKTeX\tex/generic/ltxcmds\ltxcmds.sty
Package: ltxcmds 2023-12-04 v1.26 LaTeX kernel commands for general use (HO)
)
(C:\Program Files\MiKTeX\tex/generic/pdftexcmds\pdftexcmds.sty
Package: pdftexcmds 2020-06-27 v0.33 Utility functions of pdfTeX for LuaTeX (HO
)

(C:\Users\ASUS\AppData\Roaming\MiKTeX\tex/generic/infwarerr\infwarerr.sty
Package: infwarerr 2019/12/03 v1.5 Providing info/warning/error messages (HO)
)
Package pdftexcmds Info: \pdf@primitive is available.
Package pdftexcmds Info: \pdf@ifprimitive is available.
Package pdftexcmds Info: \pdfdraftmode found.
))
(C:\Users\ASUS\AppData\Roaming\MiKTeX\tex/latex/hycolor\hycolor.sty
Package: hycolor 2020-01-27 v1.10 Color options for hyperref/bookmark (HO)
)
(C:\Program Files\MiKTeX\tex/latex/hyperref\nameref.sty
Package: nameref 2025-06-21 v2.57 Cross-referencing by name of section

(C:\Users\ASUS\AppData\Roaming\MiKTeX\tex/latex/refcount\refcount.sty
Package: refcount 2019/12/15 v3.6 Data extraction from label references (HO)
)
(C:\Users\ASUS\AppData\Roaming\MiKTeX\tex/generic/gettitlestring\gettitlestring
.sty
Package: gettitlestring 2019/12/15 v1.6 Cleanup title references (HO)
 (C:\Users\ASUS\AppData\Roaming\MiKTeX\tex/latex/kvoptions\kvoptions.sty
Package: kvoptions 2022-06-15 v3.15 Key value format for package options (HO)
))
\c@section@level=\count293
) (C:\Program Files\MiKTeX\tex/latex/etoolbox\etoolbox.sty
Package: etoolbox 2025/10/02 v2.5m e-TeX tools for LaTeX (JAW)
\etb@tempcnta=\count294
)
(C:\Users\ASUS\AppData\Roaming\MiKTeX\tex/generic/stringenc\stringenc.sty
Package: stringenc 2019/11/29 v1.12 Convert strings between diff. encodings (HO
)
)
\@linkdim=\dimen178
\Hy@linkcounter=\count295
\Hy@pagecounter=\count296

(C:\Program Files\MiKTeX\tex/latex/hyperref\pd1enc.def
File: pd1enc.def 2025-07-12 v7.01o Hyperref: PDFDocEncoding definition (HO)
Now handling font encoding PD1 ...
... no UTF-8 mapping file for font encoding PD1
)
(C:\Users\ASUS\AppData\Roaming\MiKTeX\tex/generic/intcalc\intcalc.sty
Package: intcalc 2019/12/15 v1.3 Expandable calculations with integers (HO)
)
\Hy@SavedSpaceFactor=\count297

(C:\Program Files\MiKTeX\tex/latex/hyperref\puenc.def
File: puenc.def 2025-07-12 v7.01o Hyperref: PDF Unicode definition (HO)
Now handling font encoding PU ...
... no UTF-8 mapping file for font encoding PU
)
Package hyperref Info: Option `colorlinks' set `true' on input line 4066.
Package hyperref Info: Hyper figures OFF on input line 4195.
Package hyperref Info: Link nesting OFF on input line 4200.
Package hyperref Info: Hyper index ON on input line 4203.
Package hyperref Info: Plain pages OFF on input line 4210.
Package hyperref Info: Backreferencing OFF on input line 4215.
Package hyperref Info: Implicit mode ON; LaTeX internals redefined.
Package hyperref Info: Bookmarks ON on input line 4462.
\c@Hy@tempcnt=\count298
LaTeX Info: Redefining \url on input line 4801.
\XeTeXLinkMargin=\dimen179

(C:\Users\ASUS\AppData\Roaming\MiKTeX\tex/generic/bitset\bitset.sty
Package: bitset 2019/12/09 v1.3 Handle bit-vector datatype (HO)

(C:\Users\ASUS\AppData\Roaming\MiKTeX\tex/generic/bigintcalc\bigintcalc.sty
Package: bigintcalc 2019/12/15 v1.5 Expandable calculations on big integers (HO
)
))
\Fld@menulength=\count299
\Field@Width=\dimen180
\Fld@charsize=\dimen181
Package hyperref Info: Hyper figures OFF on input line 6078.
Package hyperref Info: Link nesting OFF on input line 6083.
Package hyperref Info: Hyper index ON on input line 6086.
Package hyperref Info: backreferencing OFF on input line 6093.
Package hyperref Info: Link coloring ON on input line 6096.
Package hyperref Info: Link coloring with OCG OFF on input line 6103.
Package hyperref Info: PDF/A mode OFF on input line 6108.
\Hy@abspage=\count300
\c@Item=\count301
\c@Hfootnote=\count302
)
Package hyperref Info: Driver (autodetected): hpdftex.

(C:\Program Files\MiKTeX\tex/latex/hyperref\hpdftex.def
File: hpdftex.def 2025-07-12 v7.01o Hyperref driver for pdfTeX
\Fld@listcount=\count303
\c@bookmark@seq@number=\count304

(C:\Users\ASUS\AppData\Roaming\MiKTeX\tex/latex/rerunfilecheck\rerunfilecheck.s
ty
Package: rerunfilecheck 2025-06-21 v1.11 Rerun checks for auxiliary files (HO)

(C:\Users\ASUS\AppData\Roaming\MiKTeX\tex/generic/uniquecounter\uniquecounter.s
ty
Package: uniquecounter 2019/12/15 v1.4 Provide unlimited unique counter (HO)
)
Package uniquecounter Info: New unique counter `rerunfilecheck' on input line 2
84.
)
\Hy@SectionHShift=\skip54
) (C:\Users\ASUS\AppData\Roaming\MiKTeX\tex/latex/natbib\natbib.sty
Package: natbib 2010/09/13 8.31b (PWD, AO)
\bibhang=\skip55
\bibsep=\skip56
LaTeX Info: Redefining \cite on input line 694.
\c@NAT@ctr=\count305
)
LaTeX Font Info:    Trying to load font information for T1+ptm on input line 28
.

(C:\Users\ASUS\AppData\Roaming\MiKTeX\tex/latex/psnfss\t1ptm.fd
File: t1ptm.fd 2001/06/04 font definitions for T1/ptm.
)
(C:\Program Files\MiKTeX\tex/latex/l3backend\l3backend-pdftex.def
File: l3backend-pdftex.def 2025-10-09 L3 backend support: PDF output (pdfTeX)
\l__color_backend_stack_int=\count306
)
(rev2_jurnal_smart_server.aux)
\openout1 = `rev2_jurnal_smart_server.aux'.

LaTeX Font Info:    Checking defaults for OML/cmm/m/it on input line 28.
LaTeX Font Info:    ... okay on input line 28.
LaTeX Font Info:    Checking defaults for OMS/cmsy/m/n on input line 28.
LaTeX Font Info:    ... okay on input line 28.
LaTeX Font Info:    Checking defaults for OT1/cmr/m/n on input line 28.
LaTeX Font Info:    ... okay on input line 28.
LaTeX Font Info:    Checking defaults for T1/cmr/m/n on input line 28.
LaTeX Font Info:    ... okay on input line 28.
LaTeX Font Info:    Checking defaults for TS1/cmr/m/n on input line 28.
LaTeX Font Info:    ... okay on input line 28.
LaTeX Font Info:    Checking defaults for OMX/cmex/m/n on input line 28.
LaTeX Font Info:    ... okay on input line 28.
LaTeX Font Info:    Checking defaults for U/cmr/m/n on input line 28.
LaTeX Font Info:    ... okay on input line 28.
LaTeX Font Info:    Checking defaults for PD1/pdf/m/n on input line 28.
LaTeX Font Info:    ... okay on input line 28.
LaTeX Font Info:    Checking defaults for PU/pdf/m/n on input line 28.
LaTeX Font Info:    ... okay on input line 28.

*geometry* driver: auto-detecting
*geometry* detected driver: pdftex
*geometry* verbose mode - [ preamble ] result:
* driver: pdftex
* paper: a4paper
* layout: <same size as paper>
* layoutoffset:(h,v)=(0.0pt,0.0pt)
* modes: 
* h-part:(L,W,R)=(56.9055pt, 483.69687pt, 56.9055pt)
* v-part:(T,H,B)=(62.59596pt, 725.54538pt, 56.9055pt)
* \paperwidth=597.50787pt
* \paperheight=845.04684pt
* \textwidth=483.69687pt
* \textheight=725.54538pt
* \oddsidemargin=-15.36449pt
* \evensidemargin=-15.36449pt
* \topmargin=-46.67403pt
* \headheight=12.0pt
* \headsep=25.0pt
* \topskip=10.0pt
* \footskip=30.0pt
* \marginparwidth=4.0pt
* \marginparsep=10.0pt
* \columnsep=19.91684pt
* \skip\footins=9.0pt plus 4.0pt minus 2.0pt
* \hoffset=0.0pt
* \voffset=0.0pt
* \mag=1000
* \@twocolumntrue
* \@twosidefalse
* \@mparswitchfalse
* \@reversemarginfalse
* (1in=72.27pt=25.4mm, 1cm=28.453pt)

(C:\Program Files\MiKTeX\tex/latex/graphics\color.sty
Package: color 2025/01/14 v1.3e Standard LaTeX Color (DPC)

(C:\Program Files\MiKTeX\tex/latex/graphics-cfg\color.cfg
File: color.cfg 2016/01/02 v1.6 sample color configuration
)
Package color Info: Driver file: pdftex.def on input line 149.

(C:\Program Files\MiKTeX\tex/latex/graphics-def\pdftex.def
File: pdftex.def 2025/09/29 v1.2d Graphics/color driver for pdftex

(C:\Program Files\MiKTeX\tex/context/base/mkii\supp-pdf.mkii
[Loading MPS to PDF converter (version 2006.09.02).]
\scratchcounter=\count307
\scratchdimen=\dimen182
\scratchbox=\box56
\nofMPsegments=\count308
\nofMParguments=\count309
\everyMPshowfont=\toks24
\MPscratchCnt=\count310
\MPscratchDim=\dimen183
\MPnumerator=\count311
\makeMPintoPDFobject=\count312
\everyMPtoPDFconversion=\toks25
)) (C:\Program Files\MiKTeX\tex/latex/graphics\mathcolor.ltx))
Package hyperref Info: Link coloring ON on input line 28.

(rev2_jurnal_smart_server.out) (rev2_jurnal_smart_server.out)
\@outlinefile=\write3
\openout3 = `rev2_jurnal_smart_server.out'.

LaTeX Font Info:    Trying to load font information for T1+pcr on input line 34
.

(C:\Users\ASUS\AppData\Roaming\MiKTeX\tex/latex/psnfss\t1pcr.fd
File: t1pcr.fd 2001/06/04 font definitions for T1/pcr.
)
LaTeX Font Info:    External font `cmex10' loaded for size
(Font)              <8> on input line 34.
LaTeX Font Info:    External font `cmex10' loaded for size
(Font)              <6> on input line 34.
LaTeX Font Info:    External font `cmex10' loaded for size
(Font)              <5> on input line 34.
LaTeX Font Info:    External font `cmex10' loaded for size
(Font)              <7> on input line 40.

Underfull \hbox (badness 10000) in paragraph at lines 48--54
\T1/ptm/b/n/10 Received\T1/ptm/m/n/10 : 3
 []


Underfull \hbox (badness 10000) in paragraph at lines 48--54
\T1/ptm/b/n/10 Revised\T1/ptm/m/n/10 : 3
 []


Underfull \hbox (badness 10000) in paragraph at lines 48--54
\T1/ptm/b/n/10 Accepted\T1/ptm/m/n/10 : 3
 []


Underfull \hbox (badness 10000) in paragraph at lines 48--54
\T1/ptm/m/n/10 men-tasi Smart
 []


Underfull \hbox (badness 10000) in paragraph at lines 48--54
\T1/ptm/m/n/10 Server ESP32
 []


Underfull \hbox (badness 2245) in paragraph at lines 48--54
\T1/ptm/m/n/10 di CV Gun-dara
 []


Underfull \hbox (badness 10000) in paragraph at lines 57--59
\T1/ptm/m/n/10 Penelitian ini menya-jikan re-visi
 []


Underfull \hbox (badness 7504) in paragraph at lines 57--59
\T1/ptm/m/n/10 naskah ju-r-nal im-ple-men-tasi Smart
 []


Underfull \hbox (badness 10000) in paragraph at lines 57--59
\T1/ptm/m/n/10 Server ESP32 un-tuk pe-man-tauan
 []


Underfull \hbox (badness 5592) in paragraph at lines 57--59
\T1/ptm/m/n/10 adalah ke-bu-tuhan men-jaga kon-disi
 []


Underfull \hbox (badness 1776) in paragraph at lines 57--59
\T1/ptm/m/n/10 ter-mal rak pada rentang aman dan
 []


Underfull \hbox (badness 10000) in paragraph at lines 57--59
\T1/ptm/m/n/10 men-guatkan kea-manan fisik ak-ses
 []


Underfull \hbox (badness 2837) in paragraph at lines 57--59
\T1/ptm/m/n/10 perangkat server se-cara berke-lan-ju-
 []


Underfull \hbox (badness 2521) in paragraph at lines 57--59
\T1/ptm/m/n/10 tan. Metode peneli-tian mengikuti
 []


Underfull \hbox (badness 1281) in paragraph at lines 57--59
\T1/ptm/m/n/10 it-er-atif den-gan taha-pan unit test-ing,
 []


Underfull \hbox (badness 7451) in paragraph at lines 57--59
\T1/ptm/m/n/10 before-after, dan fi-nal-isasi sis-tem.
 []


Underfull \hbox (badness 3078) in paragraph at lines 57--59
\T1/ptm/m/n/10 Im-ple-men-tasi ak-tual pada firmware
 []


Underfull \hbox (badness 6380) in paragraph at lines 57--59
\T1/ptm/m/n/10 dua kipas berba-sis am-bang suhu,
 []


Underfull \hbox (badness 3460) in paragraph at lines 57--59
\T1/ptm/m/n/10 256, lock-out otoma-tis sete-lah tiga
 []


Underfull \hbox (badness 1616) in paragraph at lines 57--59
\T1/ptm/m/n/10 kega-galan, serta pen-gi-r-i-man log ke
 []


Underfull \hbox (badness 3646) in paragraph at lines 57--59
\T1/ptm/m/n/10 hasil im-ple-men-tasi kode dan hasil
 []


Underfull \hbox (badness 3058) in paragraph at lines 57--59
\T1/ptm/m/n/10 atakan se-ba-gai place-holder ren-cana
 []


Underfull \hbox (badness 2608) in paragraph at lines 57--59
\T1/ptm/m/n/10 uji pro-posal. Keter-batasan sis-tem
 []


Underfull \hbox (badness 6268) in paragraph at lines 57--59
\T1/ptm/m/n/10 HTTPS yang masih meng-gu-nakan
 []


Underfull \hbox (badness 1342) in paragraph at lines 65--66
\T1/ptm/m/n/10 Pen-dekatan pending-i-nan rak tingkat lan-jut juga telah
 []


Underfull \hbox (badness 1028) in paragraph at lines 73--74
\T1/ptm/m/n/10 dali IoT den-gan dukun-gan Wi-Fi ter-in-te-grasi dan re-
 []


Underfull \hbox (badness 1231) in paragraph at lines 73--74
[][]\T1/ptm/m/n/10 DFRobot[][], [][]2025[][]], re-lay 4 chan-nel [[][]Lazada In
-done-sia[][],
 []


Underfull \hbox (badness 3302) in paragraph at lines 75--75
[][]\T1/ptm/b/n/12 B. Im-ple-men-tasi Firmware dan Layanan
 []


Underfull \hbox (badness 2671) in paragraph at lines 76--77
\T1/ptm/m/n/10 Implementasi firmware memakai Ar-duino frame-work
 []

[1

{C:/Users/ASUS/AppData/Local/MiKTeX/fonts/map/pdftex/pdftex.map}{C:/Program Fil
es/MiKTeX/fonts/enc/dvips/base/8r.enc}]
Underfull \hbox (badness 7522) in paragraph at lines 90--91
[]\T1/ptm/m/n/10 Payload log-ging cloud dibagi dua sheet, yaitu
 []


Underfull \hbox (badness 10000) in paragraph at lines 104--105
[]\T1/pcr/m/n/10 warning = valid && temperature >
 []


Underfull \hbox (badness 10000) in paragraph at lines 105--106
[]\T1/pcr/m/n/10 fan2On = valid && temperature >=
 []


Underfull \hbox (badness 10000) in paragraph at lines 106--107
[]\T1/pcr/m/n/10 fan1On = fan1BaselineOn || warning
 []


Underfull \hbox (badness 10000) in paragraph at lines 118--119
[]\T1/ptm/m/n/10 Desain field test-ing pro-posal memakai quasi-
 []


Underfull \hbox (badness 2680) in paragraph at lines 118--119
\T1/ptm/m/n/10 experimental before-after den-gan vari-abel kuan-ti-tatif:
 []


Underfull \hbox (badness 2343) in paragraph at lines 118--119
\T1/ptm/m/n/10 suhu, kelem-ba-pan, re-sponse time, ac-cess count per
 []


Underfull \hbox (badness 2781) in paragraph at lines 124--125
[]\T1/ptm/m/n/10 Temuan ini se-jalan den-gan ke-bu-tuhan op-era-sional
 []


Underfull \hbox (badness 10000) in paragraph at lines 141--141
[]|\T1/ptm/m/n/10 Field test-ing
 []


Underfull \hbox (badness 1389) in paragraph at lines 144--144
[][]\T1/ptm/b/n/12 C. Ren-cana Anal-i-sis Field Test-ing (Place-
 []


Underfull \hbox (badness 10000) in paragraph at lines 162--162
[]|\T1/ptm/b/n/10 Sumber
 []


Underfull \hbox (badness 10000) in paragraph at lines 162--162
[]|\T1/ptm/m/n/10 Suhu rata-rata
 []


Overfull \hbox (13.06184pt too wide) in paragraph at lines 162--162
[]|\T1/ptm/m/n/10 telemetry_logs| 
 []


Underfull \hbox (badness 10000) in paragraph at lines 162--162
[]|\T1/ptm/m/n/10 Kelembapan
 []


Overfull \hbox (13.06184pt too wide) in paragraph at lines 162--162
[]|\T1/ptm/m/n/10 telemetry_logs| 
 []


Underfull \hbox (badness 10000) in paragraph at lines 162--162
[]|\T1/ptm/m/n/10 Response time
 []


Overfull \hbox (0.83205pt too wide) in paragraph at lines 162--162
[]|\T1/ptm/m/n/10 access_logs
 []


Overfull \hbox (0.83205pt too wide) in paragraph at lines 162--162
[]|\T1/ptm/m/n/10 access_logs| 
 []


Underfull \hbox (badness 10000) in paragraph at lines 162--162
[]|\T1/ptm/m/n/10 komparasi
 []


Underfull \hbox (badness 10000) in paragraph at lines 162--162
[]|\T1/ptm/m/n/10 log kirim
 []


LaTeX Warning: `h' float specifier changed to `ht'.


Underfull \hbox (badness 1377) in paragraph at lines 169--170
\T1/ptm/m/n/10 Revisi ju-r-nal ini telah dis-usun ulang mengikuti pola
 []

[2] (rev2_jurnal_smart_server.bbl
Underfull \hbox (badness 1184) in paragraph at lines 38--43
[]\T1/ptm/m/n/10 Digiware Store.  Solenoid door lock 12v dc.  Re-
 []


Underfull \hbox (badness 10000) in paragraph at lines 38--43
\T1/ptm/m/n/10 trieved from [][]$\T1/pcr/m/n/10 https : / / digiwarestore .
 []


Underfull \hbox (badness 10000) in paragraph at lines 38--43
\T1/pcr/m/n/10 com / id / other-[]appliances /
 []


Underfull \hbox (badness 10000) in paragraph at lines 38--43
\T1/pcr/m/n/10 solenoid-[]door-[]lock-[]12v-[]dc-[]267059 .
 []


Underfull \hbox (badness 10000) in paragraph at lines 45--50
[]\T1/ptm/m/n/10 Duaitek.  Sen-sor dig-i-tal de humedad tem-
 []


Underfull \hbox (badness 10000) in paragraph at lines 45--50
\T1/ptm/m/n/10 per-atura htu21d i2c.  Re-trieved from
 []


Underfull \hbox (badness 10000) in paragraph at lines 45--50
[][]$\T1/pcr/m/n/10 https : / / www . duaitek . com . ar /
 []


Overfull \hbox (233.10754pt too wide) in paragraph at lines 45--50
\T1/pcr/m/n/10 MLA-[]803920587-[]sensor-[]digital-[]de-[]humedad-[]temperatura-
[]htu21d-[]i2c-[]desarrollo-[] _
 []


Underfull \hbox (badness 3803) in paragraph at lines 62--65
[]\T1/ptm/m/n/10 Espressif Sys-tems.  Esp-idf pro-gram-ming guide -
 []


Underfull \hbox (badness 10000) in paragraph at lines 79--84
[]\T1/ptm/m/n/10 Indomaker.  Tu-to-rial key-pad 4x4 dan lcd
 []


Underfull \hbox (badness 10000) in paragraph at lines 79--84
\T1/ptm/m/n/10 1602 meng-gu-nakan ar-duino uno.  Re-trieved
 []


Underfull \hbox (badness 10000) in paragraph at lines 79--84
\T1/ptm/m/n/10 from [][]$\T1/pcr/m/n/10 https : / / indomaker . com / blog /
 []


Overfull \hbox (126.60754pt too wide) in paragraph at lines 79--84
\T1/pcr/m/n/10 tutorial-[]keypad-[]4x4-[]dan-[]lcd-[]1602-[]menggunakan-[]ardui
no-[]uno/$[][]\T1/ptm/m/n/10 ,
 []


Underfull \hbox (badness 10000) in paragraph at lines 86--91
[]\T1/ptm/m/n/10 Lazada In-done-sia.  Re-lay mod-ule 5v
 []


Underfull \hbox (badness 10000) in paragraph at lines 86--91
\T1/ptm/m/n/10 4 chan-nel.  Re-trieved from [][]$\T1/pcr/m/n/10 https :
 []


Underfull \hbox (badness 10000) in paragraph at lines 86--91
\T1/pcr/m/n/10 / / www . lazada . co . id / products /
 []


Overfull \hbox (265.60754pt too wide) in paragraph at lines 86--91
\T1/pcr/m/n/10 relay-[]module-[]5v-[]4-[]channel-[]4ch-[]4-[]ch-[]untuk-[]ardui
no-[]modul-[]relay-[]5v-[]5-[]v-[]i4401698915 .
 []


Underfull \hbox (badness 1237) in paragraph at lines 139--143
[]\T1/ptm/m/n/10 Sunfounder.  I2c lcd2004 mod-ule.  Re-trieved from
 []


Underfull \hbox (badness 10000) in paragraph at lines 139--143
[][]$\T1/pcr/m/n/10 https : / / www . sunfounder . com / products /
 []

[3]
Underfull \hbox (badness 10000) in paragraph at lines 145--150
[]\T1/ptm/m/n/10 Ubuy In-done-sia.  140mm x 38mm 12v dc
 []


Underfull \hbox (badness 10000) in paragraph at lines 145--150
\T1/ptm/m/n/10 brush-less cool-ing fan.  Re-trieved from
 []


Underfull \hbox (badness 10000) in paragraph at lines 145--150
[][]$\T1/pcr/m/n/10 https : / / www . ubuy . co . id / id / product /
 []


Overfull \hbox (315.60754pt too wide) in paragraph at lines 145--150
\T1/pcr/m/n/10 8ENMBI4LC-[]140mm-[]fan-[]140mm-[]x-[]38mm-[]6pin-[]12v-[]dc-[]b
rushless-[]computer-[]case-[]cooling-[]fan-[]7000rpm$[][]\T1/ptm/m/n/10 ,
 []

) [4

] (rev2_jurnal_smart_server.aux)
 ***********
LaTeX2e <2025-11-01>
L3 programming layer <2025-12-24>
 ***********
Package rerunfilecheck Info: File `rev2_jurnal_smart_server.out' has not change
d.
(rerunfilecheck)             Checksum: 330DBF6891409EB9CC1DB1B37E9A7999;423.
 ) 
Here is how much of TeX's memory you used:
 9971 strings out of 467869
 152834 string characters out of 5428404
 593767 words of memory out of 5000000
 38683 multiletter control sequences out of 15000+600000
 651538 words of font info for 65 fonts, out of 8000000 for 9000
 1141 hyphenation exceptions out of 8191
 75i,10n,79p,1133b,585s stack positions out of 10000i,1000n,20000p,200000b,200000s
<C:/Program Files/MiKTeX/fonts/type1/public/amsfonts/cm/cmr7.pfb><C:/Program 
Files/MiKTeX/fonts/type1/public/amsfonts/cm/cmsy7.pfb><C:/Program Files/MiKTeX/
fonts/type1/urw/courier/ucrr8a.pfb><C:/Program Files/MiKTeX/fonts/type1/urw/tim
es/utmb8a.pfb><C:/Program Files/MiKTeX/fonts/type1/urw/times/utmr8a.pfb><C:/Pro
gram Files/MiKTeX/fonts/type1/urw/times/utmri8a.pfb>
Output written on rev2_jurnal_smart_server.pdf (4 pages, 129436 bytes).
PDF statistics:
 219 PDF objects out of 1000 (max. 8388607)
 67 named destinations out of 1000 (max. 500000)
 33 words of extra memory for PDF output out of 10000 (max. 10000000)

